
> @hpbrain/web@0.1.0 dev
> vite


  VITE v5.4.21  ready in 299 ms

  ➜  Local:   http://localhost:5173/
  ➜  Network: http://192.168.10.64:5173/
12:38:53 PM [vite] hmr update /src/components/department/DepartmentList.tsx
12:39:02 PM [vite] hmr update /src/components/department/DepartmentList.tsx
12:39:11 PM [vite] hmr update /src/components/department/department.css
12:56:17 PM [vite] hmr update /src/components/department/DepartmentList.tsx, /src/components/workspace/DepartmentIntelligence.tsx
12:56:17 PM [vite] hmr invalidate /src/components/workspace/DepartmentIntelligence.tsx Could not Fast Refresh ("buildDepartmentIntelligenceModel" export is incompatible). Learn more at https://github.com/vitejs/vite-plugin-react/tree/main/packages/plugin-react#consistent-components-exports
12:56:17 PM [vite] hmr update /src/components/department/DepartmentApp.tsx
12:56:26 PM [vite] hmr update /src/components/department/DepartmentList.tsx, /src/components/workspace/DepartmentIntelligence.tsx
12:56:26 PM [vite] hmr invalidate /src/components/workspace/DepartmentIntelligence.tsx Could not Fast Refresh ("buildDepartmentIntelligenceModel" export is incompatible). Learn more at https://github.com/vitejs/vite-plugin-react/tree/main/packages/plugin-react#consistent-components-exports
12:56:26 PM [vite] hmr update /src/components/department/DepartmentApp.tsx
12:56:46 PM [vite] hmr update /src/components/department/DepartmentList.tsx, /src/components/workspace/DepartmentIntelligence.tsx
12:56:46 PM [vite] hmr invalidate /src/components/workspace/DepartmentIntelligence.tsx Could not Fast Refresh ("buildDepartmentIntelligenceModel" export is incompatible). Learn more at https://github.com/vitejs/vite-plugin-react/tree/main/packages/plugin-react#consistent-components-exports
12:56:46 PM [vite] hmr update /src/components/department/DepartmentApp.tsx
12:56:52 PM [vite] hmr update /src/components/department/DepartmentList.tsx, /src/components/workspace/DepartmentIntelligence.tsx
12:56:52 PM [vite] hmr invalidate /src/components/workspace/DepartmentIntelligence.tsx Could not Fast Refresh ("buildDepartmentIntelligenceModel" export is incompatible). Learn more at https://github.com/vitejs/vite-plugin-react/tree/main/packages/plugin-react#consistent-components-exports
12:56:52 PM [vite] hmr update /src/components/department/DepartmentApp.tsx
2:13:31 PM [vite] hmr update /src/components/department/DepartmentScoreRing.tsx
2:13:44 PM [vite] hmr update /src/components/department/department.css
2:13:59 PM [vite] hmr update /src/components/department/department.css
2:14:24 PM [vite] hmr update /src/components/department/DepartmentScoreRing.tsx
2:15:33 PM [vite] hmr update /src/components/department/department.css
3:40:52 PM [vite] hmr update /src/components/department/DepartmentList.tsx, /src/components/workspace/DepartmentIntelligence.tsx
3:40:53 PM [vite] hmr invalidate /src/components/workspace/DepartmentIntelligence.tsx Could not Fast Refresh ("buildDepartmentIntelligenceModel" export is incompatible). Learn more at https://github.com/vitejs/vite-plugin-react/tree/main/packages/plugin-react#consistent-components-exports
3:40:53 PM [vite] hmr update /src/components/department/DepartmentApp.tsx
3:41:28 PM [vite] hmr update /src/components/department/DepartmentScoreRing.tsx
3:41:28 PM [vite] hmr invalidate /src/components/department/DepartmentScoreRing.tsx Could not Fast Refresh (new export)
3:41:28 PM [vite] hmr update /src/components/department/DepartmentList.tsx, /src/components/workspace/DepartmentIntelligence.tsx
3:41:29 PM [vite] hmr invalidate /src/components/workspace/DepartmentIntelligence.tsx Could not Fast Refresh ("buildDepartmentIntelligenceModel" export is incompatible). Learn more at https://github.com/vitejs/vite-plugin-react/tree/main/packages/plugin-react#consistent-components-exports
3:41:29 PM [vite] hmr update /src/components/department/DepartmentApp.tsx
3:41:50 PM [vite] hmr update /src/components/workspace/DepartmentIntelligence.tsx
3:41:50 PM [vite] hmr invalidate /src/components/workspace/DepartmentIntelligence.tsx Could not Fast Refresh ("buildDepartmentIntelligenceModel" export is incompatible). Learn more at https://github.com/vitejs/vite-plugin-react/tree/main/packages/plugin-react#consistent-components-exports
3:41:50 PM [vite] hmr update /src/components/department/DepartmentApp.tsx
3:42:20 PM [vite] hmr update /src/components/department/department.css
4:04:32 PM [vite] hmr update /src/components/department/DepartmentList.tsx, /src/components/workspace/DepartmentIntelligence.tsx, /src/components/department/DepartmentScoreRing.tsx
4:04:32 PM [vite] hmr invalidate /src/components/workspace/DepartmentIntelligence.tsx Could not Fast Refresh ("buildDepartmentIntelligenceModel" export is incompatible). Learn more at https://github.com/vitejs/vite-plugin-react/tree/main/packages/plugin-react#consistent-components-exports
4:04:32 PM [vite] hmr update /src/components/department/DepartmentApp.tsx
4:04:44 PM [vite] hmr update /src/components/department/DepartmentList.tsx, /src/components/workspace/DepartmentIntelligence.tsx, /src/components/department/DepartmentScoreRing.tsx
4:04:44 PM [vite] hmr invalidate /src/components/workspace/DepartmentIntelligence.tsx Could not Fast Refresh ("buildDepartmentIntelligenceModel" export is incompatible). Learn more at https://github.com/vitejs/vite-plugin-react/tree/main/packages/plugin-react#consistent-components-exports
4:04:44 PM [vite] hmr update /src/components/department/DepartmentApp.tsx
4:05:06 PM [vite] hmr update /src/components/department/DepartmentList.tsx
4:46:55 PM [vite] hmr update /src/components/department/DepartmentScoreRing.tsx
4:47:16 PM [vite] hmr update /src/components/department/DepartmentScoreRing.tsx
4:47:41 PM [vite] hmr update /src/components/department/department.css
4:50:22 PM [vite] hmr update /src/components/department/DepartmentList.tsx, /src/components/workspace/DepartmentIntelligence.tsx, /src/components/department/DepartmentScoreRing.tsx
4:50:22 PM [vite] hmr invalidate /src/components/workspace/DepartmentIntelligence.tsx Could not Fast Refresh ("buildDepartmentIntelligenceModel" export is incompatible). Learn more at https://github.com/vitejs/vite-plugin-react/tree/main/packages/plugin-react#consistent-components-exports
4:50:22 PM [vite] hmr update /src/components/department/DepartmentApp.tsx
4:50:49 PM [vite] hmr update /src/components/workspace/DepartmentIntelligence.tsx
4:50:49 PM [vite] hmr invalidate /src/components/workspace/DepartmentIntelligence.tsx Could not Fast Refresh ("buildDepartmentIntelligenceModel" export is incompatible). Learn more at https://github.com/vitejs/vite-plugin-react/tree/main/packages/plugin-react#consistent-components-exports
4:50:49 PM [vite] hmr update /src/components/department/DepartmentApp.tsx
4:51:13 PM [vite] hmr update /src/components/department/department.css
5:09:29 PM [vite] hmr update /src/components/department/DepartmentApp.tsx, /src/components/person/PersonApp.tsx, /src/components/department/DepartmentEdit.tsx, /src/components/department/DepartmentArchiveConfirm.tsx, /src/components/department/DepartmentDetails.tsx, /src/components/department/DepartmentCreate.tsx, /src/components/department/DepartmentList.tsx, /src/components/workspace/PersonIntelligence.tsx, /src/components/workspace/DepartmentIntelligence.tsx, /src/components/capability/CapabilityAssignment.tsx, /src/components/person/PersonCreate.tsx, /src/components/department/AcademicSectionView.tsx
5:09:29 PM [vite] hmr invalidate /src/components/workspace/DepartmentIntelligence.tsx Could not Fast Refresh ("buildDepartmentIntelligenceModel" export is incompatible). Learn more at https://github.com/vitejs/vite-plugin-react/tree/main/packages/plugin-react#consistent-components-exports
5:09:29 PM [vite] hmr update /src/components/department/DepartmentApp.tsx
5:09:48 PM [vite] hmr update /src/components/department/DepartmentApp.tsx, /src/components/person/PersonApp.tsx, /src/components/department/DepartmentEdit.tsx, /src/components/department/DepartmentArchiveConfirm.tsx, /src/components/department/DepartmentDetails.tsx, /src/components/department/DepartmentCreate.tsx, /src/components/department/DepartmentList.tsx, /src/components/workspace/PersonIntelligence.tsx, /src/components/workspace/DepartmentIntelligence.tsx, /src/components/capability/CapabilityAssignment.tsx, /src/components/person/PersonCreate.tsx, /src/components/department/AcademicSectionView.tsx
5:09:48 PM [vite] hmr invalidate /src/components/workspace/DepartmentIntelligence.tsx Could not Fast Refresh ("buildDepartmentIntelligenceModel" export is incompatible). Learn more at https://github.com/vitejs/vite-plugin-react/tree/main/packages/plugin-react#consistent-components-exports
5:09:48 PM [vite] hmr update /src/components/department/DepartmentApp.tsx
5:10:19 PM [vite] hmr update /src/components/workspace/DepartmentIntelligence.tsx
5:10:19 PM [vite] hmr invalidate /src/components/workspace/DepartmentIntelligence.tsx Could not Fast Refresh ("buildDepartmentIntelligenceModel" export is incompatible). Learn more at https://github.com/vitejs/vite-plugin-react/tree/main/packages/plugin-react#consistent-components-exports
5:10:19 PM [vite] hmr update /src/components/department/DepartmentApp.tsx
5:10:43 PM [vite] hmr update /src/components/workspace/DepartmentIntelligence.tsx
5:10:43 PM [vite] hmr invalidate /src/components/workspace/DepartmentIntelligence.tsx Could not Fast Refresh ("buildDepartmentIntelligenceModel" export is incompatible). Learn more at https://github.com/vitejs/vite-plugin-react/tree/main/packages/plugin-react#consistent-components-exports
5:10:43 PM [vite] hmr update /src/components/department/DepartmentApp.tsx
5:11:13 PM [vite] hmr update /src/components/workspace/DepartmentIntelligence.tsx
5:11:13 PM [vite] hmr invalidate /src/components/workspace/DepartmentIntelligence.tsx Could not Fast Refresh ("buildDepartmentIntelligenceModel" export is incompatible). Learn more at https://github.com/vitejs/vite-plugin-react/tree/main/packages/plugin-react#consistent-components-exports
5:11:13 PM [vite] hmr update /src/components/department/DepartmentApp.tsx
5:12:13 PM [vite] hmr update /src/components/workspace/DepartmentIntelligence.tsx
5:12:13 PM [vite] hmr invalidate /src/components/workspace/DepartmentIntelligence.tsx Could not Fast Refresh ("buildDepartmentIntelligenceModel" export is incompatible). Learn more at https://github.com/vitejs/vite-plugin-react/tree/main/packages/plugin-react#consistent-components-exports
5:12:13 PM [vite] hmr update /src/components/department/DepartmentApp.tsx
5:12:56 PM [vite] hmr update /src/components/workspace/DepartmentIntelligence.tsx
5:12:56 PM [vite] hmr invalidate /src/components/workspace/DepartmentIntelligence.tsx Could not Fast Refresh ("buildDepartmentIntelligenceModel" export is incompatible). Learn more at https://github.com/vitejs/vite-plugin-react/tree/main/packages/plugin-react#consistent-components-exports
5:12:56 PM [vite] hmr update /src/components/department/DepartmentApp.tsx
5:13:32 PM [vite] hmr update /src/components/workspace/DepartmentIntelligence.tsx
5:13:32 PM [vite] hmr invalidate /src/components/workspace/DepartmentIntelligence.tsx Could not Fast Refresh ("buildDepartmentIntelligenceModel" export is incompatible). Learn more at https://github.com/vitejs/vite-plugin-react/tree/main/packages/plugin-react#consistent-components-exports
5:13:32 PM [vite] hmr update /src/components/department/DepartmentApp.tsx
5:13:54 PM [vite] hmr update /src/components/workspace/DepartmentIntelligence.tsx
5:13:55 PM [vite] hmr invalidate /src/components/workspace/DepartmentIntelligence.tsx Could not Fast Refresh ("buildDepartmentIntelligenceModel" export is incompatible). Learn more at https://github.com/vitejs/vite-plugin-react/tree/main/packages/plugin-react#consistent-components-exports
5:13:55 PM [vite] hmr update /src/components/department/DepartmentApp.tsx
5:15:28 PM [vite] hmr update /src/components/workspace/DepartmentIntelligence.tsx
5:15:28 PM [vite] hmr invalidate /src/components/workspace/DepartmentIntelligence.tsx Could not Fast Refresh ("buildDepartmentIntelligenceModel" export is incompatible). Learn more at https://github.com/vitejs/vite-plugin-react/tree/main/packages/plugin-react#consistent-components-exports
5:15:28 PM [vite] hmr update /src/components/department/DepartmentApp.tsx
5:16:42 PM [vite] hmr update /src/components/workspace/DepartmentIntelligence.tsx
5:16:42 PM [vite] hmr invalidate /src/components/workspace/DepartmentIntelligence.tsx Could not Fast Refresh ("buildDepartmentIntelligenceModel" export is incompatible). Learn more at https://github.com/vitejs/vite-plugin-react/tree/main/packages/plugin-react#consistent-components-exports
5:16:42 PM [vite] hmr update /src/components/department/DepartmentApp.tsx
5:18:32 PM [vite] hmr update /src/components/workspace/DepartmentIntelligence.tsx
5:18:32 PM [vite] hmr invalidate /src/components/workspace/DepartmentIntelligence.tsx Could not Fast Refresh ("buildDepartmentIntelligenceModel" export is incompatible). Learn more at https://github.com/vitejs/vite-plugin-react/tree/main/packages/plugin-react#consistent-components-exports
5:18:32 PM [vite] hmr update /src/components/department/DepartmentApp.tsx
